ARM Linker, RVCT4.0 [Build 728] [Evaluation]

==============================================================================

Section Cross References

    system_lpc17xx.o(.text) refers to system_lpc17xx.o(.data) for SystemFrequency
    startup_lpc17xx.o(STACK) refers (Special) to heapauxi.o(.text) for __use_two_region_memory
    startup_lpc17xx.o(HEAP) refers (Special) to heapauxi.o(.text) for __use_two_region_memory
    startup_lpc17xx.o(RESET) refers (Special) to heapauxi.o(.text) for __use_two_region_memory
    startup_lpc17xx.o(RESET) refers to startup_lpc17xx.o(STACK) for __initial_sp
    startup_lpc17xx.o(RESET) refers to startup_lpc17xx.o(.text) for Reset_Handler
    startup_lpc17xx.o(RESET) refers to usbdmain.o(.text) for TIMER0_IRQHandler
    startup_lpc17xx.o(RESET) refers to usbhw.o(.text) for USB_IRQHandler
    startup_lpc17xx.o(.ARM.__at_0x02FC) refers (Special) to heapauxi.o(.text) for __use_two_region_memory
    startup_lpc17xx.o(.text) refers (Special) to heapauxi.o(.text) for __use_two_region_memory
    startup_lpc17xx.o(.text) refers to __main.o(!!!main) for __main
    startup_lpc17xx.o(.text) refers to startup_lpc17xx.o(HEAP) for Heap_Mem
    startup_lpc17xx.o(.text) refers to startup_lpc17xx.o(STACK) for Stack_Mem
    adcuser.o(.text) refers to usbcore.o(.data) for SetupPacket
    adcuser.o(.text) refers to usbdmain.o(.data) for Mute
    adcuser.o(.text) refers to usbcore.o(.bss) for EP0Buf
    adcuser.o(.text) refers to adcuser.o(.data) for VolCur
    usbcore.o(.text) refers to usbhw.o(.text) for USB_ReadEP
    usbcore.o(.text) refers to usbcore.o(i.USB_ReqGetStatus) for USB_ReqGetStatus
    usbcore.o(.text) refers to usbcore.o(i.USB_ReqSetClrFeature) for USB_ReqSetClrFeature
    usbcore.o(.text) refers to usbcore.o(i.USB_ReqGetDescriptor) for USB_ReqGetDescriptor
    usbcore.o(.text) refers to usbcore.o(i.USB_ReqSetConfiguration) for USB_ReqSetConfiguration
    usbcore.o(.text) refers to usbcore.o(i.USB_ReqSetInterface) for USB_ReqSetInterface
    usbcore.o(.text) refers to adcuser.o(.text) for ADC_IF_GetRequest
    usbcore.o(.text) refers to usbcore.o(.data) for USB_DeviceStatus
    usbcore.o(.text) refers to usbcore.o(.bss) for EP0Buf
    usbhw.o(.text) refers to usbhw.o(.data) for DDMemMap
    usbhw.o(.text) refers to usbhw.o(.bss) for udca
    usbhw.o(.text) refers to usbhw.o(USB_RAM) for UDCA
    usbhw.o(.text) refers to usbcore.o(.data) for USB_DeviceStatus
    usbhw.o(.text) refers to usbuser.o(.text) for USB_Reset_Event
    usbhw.o(.text) refers to usbhw.o(.constdata) for DDAdr
    usbhw.o(.text) refers to usbuser.o(.constdata) for USB_P_EP
    usbuser.o(.text) refers to usbcore.o(.text) for USB_ResetCore
    usbuser.o(.text) refers to usbhw.o(.text) for USB_DMA_BufAdr
    usbuser.o(.text) refers to usbdmain.o(.data) for DataBuf
    usbuser.o(.constdata) refers to usbcore.o(.text) for USB_EndPoint0
    usbuser.o(.constdata) refers to usbuser.o(.text) for USB_EndPoint3
    usbdmain.o(.text) refers to usbhw.o(.text) for USB_Init
    usbdmain.o(.text) refers to lpc17xx_timer.o(.text) for TIM_ClearIntPending
    usbdmain.o(.text) refers to lpc17xx_pinsel.o(.text) for PINSEL_ConfigPin
    usbdmain.o(.text) refers to lpc17xx_dac.o(.text) for DAC_Init
    usbdmain.o(.text) refers to system_lpc17xx.o(.text) for SystemInit
    usbdmain.o(.text) refers to uart.o(.text) for UART_Init
    usbdmain.o(.text) refers to usbdmain.o(.data) for PotVal
    usbdmain.o(.text) refers to system_lpc17xx.o(.data) for SystemFrequency
    usbdmain.o(.text) refers to adcuser.o(.data) for VolCur
    uart.o(.text) refers to uart.o(.data) for LCR_Register
    uart.o(.text) refers to system_lpc17xx.o(.data) for SystemCoreClock
    asciilib.o(.text) refers to rt_memcpy_v6.o(.text) for __aeabi_memcpy
    asciilib.o(.text) refers to asciilib.o(.constdata) for .constdata
    glcd.o(.text) refers to glcd.o(.data) for j_delay
    glcd.o(.text) refers to asciilib.o(.text) for GetASCIICode
    hzlib.o(.text) refers to rt_memcpy_v6.o(.text) for __aeabi_memcpy
    hzlib.o(.text) refers to hzlib.o(.constdata) for .constdata
    images.o(.data) refers to images.o(.constdata) for pic1_stream
    lpc17xx_dac.o(.text) refers to lpc17xx_libcfg_default.o(.text) for check_failed
    lpc17xx_timer.o(.text) refers to lpc17xx_clkpwr.o(.text) for CLKPWR_GetPCLK
    lpc17xx_timer.o(.text) refers to lludivv7m.o(.text) for __aeabi_uldivmod
    lpc17xx_timer.o(.text) refers to lpc17xx_libcfg_default.o(.text) for check_failed
    lpc17xx_clkpwr.o(.text) refers to system_lpc17xx.o(.data) for SystemCoreClock
    rt_memcpy_v6.o(.text) refers to rt_memcpy_w.o(.text) for __aeabi_memcpy4
    __main.o(!!!main) refers to rtentry.o(.ARM.Collect$$rtentry$$00000000) for __rt_entry
    rtentry.o(.ARM.Collect$$rtentry$$00000000) refers (Special) to rtentry2.o(.ARM.Collect$$rtentry$$0000000A) for __rt_entry_li
    rtentry.o(.ARM.Collect$$rtentry$$00000000) refers (Special) to rtentry2.o(.ARM.Collect$$rtentry$$0000000D) for __rt_entry_main
    rtentry.o(.ARM.Collect$$rtentry$$00000000) refers (Special) to rtentry2.o(.ARM.Collect$$rtentry$$0000000C) for __rt_entry_postli_1
    rtentry.o(.ARM.Collect$$rtentry$$00000000) refers (Special) to rtentry2.o(.ARM.Collect$$rtentry$$00000009) for __rt_entry_postsh_1
    rtentry.o(.ARM.Collect$$rtentry$$00000000) refers (Special) to rtentry2.o(.ARM.Collect$$rtentry$$00000002) for __rt_entry_presh_1
    rtentry.o(.ARM.Collect$$rtentry$$00000000) refers (Special) to rtentry4.o(.ARM.Collect$$rtentry$$00000004) for __rt_entry_sh
    rtentry.o(.ARM.exidx) refers (Special) to rtentry2.o(.ARM.Collect$$rtentry$$0000000A) for __rt_entry_li
    rtentry.o(.ARM.exidx) refers (Special) to rtentry2.o(.ARM.Collect$$rtentry$$0000000D) for __rt_entry_main
    rtentry.o(.ARM.exidx) refers (Special) to rtentry2.o(.ARM.Collect$$rtentry$$0000000C) for __rt_entry_postli_1
    rtentry.o(.ARM.exidx) refers (Special) to rtentry2.o(.ARM.Collect$$rtentry$$00000009) for __rt_entry_postsh_1
    rtentry.o(.ARM.exidx) refers (Special) to rtentry2.o(.ARM.Collect$$rtentry$$00000002) for __rt_entry_presh_1
    rtentry.o(.ARM.exidx) refers (Special) to rtentry4.o(.ARM.Collect$$rtentry$$00000004) for __rt_entry_sh
    rtentry.o(.ARM.exidx) refers to rtentry.o(.ARM.Collect$$rtentry$$00000000) for .ARM.Collect$$rtentry$$00000000
    aeabi_ldiv0_sigfpe.o(.text) refers to rt_div0.o(.text) for __rt_div0
    rtentry2.o(.ARM.Collect$$rtentry$$00000008) refers to boardinit2.o(.text) for _platform_post_stackheap_init
    rtentry2.o(.ARM.Collect$$rtentry$$0000000A) refers to libinit.o(.ARM.Collect$$libinit$$00000000) for __rt_lib_init
    rtentry2.o(.ARM.Collect$$rtentry$$0000000B) refers to boardinit3.o(.text) for _platform_post_lib_init
    rtentry2.o(.ARM.Collect$$rtentry$$0000000D) refers to usbdmain.o(.text) for main
    rtentry2.o(.ARM.Collect$$rtentry$$0000000D) refers to exit.o(.text) for exit
    rtentry2.o(.ARM.exidx) refers to rtentry2.o(.ARM.Collect$$rtentry$$00000001) for .ARM.Collect$$rtentry$$00000001
    rtentry2.o(.ARM.exidx) refers to rtentry2.o(.ARM.Collect$$rtentry$$00000002) for .ARM.Collect$$rtentry$$00000002
    rtentry2.o(.ARM.exidx) refers to rtentry2.o(.ARM.Collect$$rtentry$$00000008) for .ARM.Collect$$rtentry$$00000008
    rtentry2.o(.ARM.exidx) refers to rtentry2.o(.ARM.Collect$$rtentry$$00000009) for .ARM.Collect$$rtentry$$00000009
    rtentry2.o(.ARM.exidx) refers to rtentry2.o(.ARM.Collect$$rtentry$$0000000A) for .ARM.Collect$$rtentry$$0000000A
    rtentry2.o(.ARM.exidx) refers to rtentry2.o(.ARM.Collect$$rtentry$$0000000B) for .ARM.Collect$$rtentry$$0000000B
    rtentry2.o(.ARM.exidx) refers to rtentry2.o(.ARM.Collect$$rtentry$$0000000C) for .ARM.Collect$$rtentry$$0000000C
    rtentry2.o(.ARM.exidx) refers to rtentry2.o(.ARM.Collect$$rtentry$$0000000D) for .ARM.Collect$$rtentry$$0000000D
    rtentry4.o(.ARM.Collect$$rtentry$$00000004) refers to sys_stackheap_outer.o(.text) for __user_setup_stackheap
    rtentry4.o(.ARM.exidx) refers to rtentry4.o(.ARM.Collect$$rtentry$$00000004) for .ARM.Collect$$rtentry$$00000004
    rt_div0.o(.text) refers to defsig_fpe_outer.o(.text) for __rt_SIGFPE
    sys_stackheap_outer.o(.text) refers to libspace.o(.text) for __user_perproc_libspace
    sys_stackheap_outer.o(.text) refers to startup_lpc17xx.o(.text) for __user_initial_stackheap
    exit.o(.text) refers to rtexit.o(.ARM.Collect$$rtexit$$00000000) for __rt_exit
    defsig_fpe_outer.o(.text) refers to defsig_fpe_inner.o(.text) for __rt_SIGFPE_inner
    defsig_fpe_outer.o(.text) refers to defsig_exit.o(.text) for __sig_exit
    defsig_fpe_formal.o(.text) refers to rt_raise.o(.text) for __rt_raise
    libinit.o(.ARM.Collect$$libinit$$00000000) refers (Special) to libinit2.o(.ARM.Collect$$libinit$$0000002A) for __rt_lib_init_alloca_1
    libinit.o(.ARM.Collect$$libinit$$00000000) refers (Special) to libinit2.o(.ARM.Collect$$libinit$$00000028) for __rt_lib_init_argv_1
    libinit.o(.ARM.Collect$$libinit$$00000000) refers (Special) to libinit2.o(.ARM.Collect$$libinit$$00000017) for __rt_lib_init_atexit_1
    libinit.o(.ARM.Collect$$libinit$$00000000) refers (Special) to libinit2.o(.ARM.Collect$$libinit$$0000001D) for __rt_lib_init_clock_1
    libinit.o(.ARM.Collect$$libinit$$00000000) refers (Special) to libinit2.o(.ARM.Collect$$libinit$$0000002E) for __rt_lib_init_cpp_1
    libinit.o(.ARM.Collect$$libinit$$00000000) refers (Special) to libinit2.o(.ARM.Collect$$libinit$$0000002C) for __rt_lib_init_exceptions_1
    libinit.o(.ARM.Collect$$libinit$$00000000) refers (Special) to libinit2.o(.ARM.Collect$$libinit$$0000001B) for __rt_lib_init_fp_trap_1
    libinit.o(.ARM.Collect$$libinit$$00000000) refers (Special) to libinit2.o(.ARM.Collect$$libinit$$0000001F) for __rt_lib_init_getenv_1
    libinit.o(.ARM.Collect$$libinit$$00000000) refers (Special) to libinit2.o(.ARM.Collect$$libinit$$00000006) for __rt_lib_init_heap_1
    libinit.o(.ARM.Collect$$libinit$$00000000) refers (Special) to libinit2.o(.ARM.Collect$$libinit$$0000000D) for __rt_lib_init_lc_collate_1
    libinit.o(.ARM.Collect$$libinit$$00000000) refers (Special) to libinit2.o(.ARM.Collect$$libinit$$0000000F) for __rt_lib_init_lc_ctype_1
    libinit.o(.ARM.Collect$$libinit$$00000000) refers (Special) to libinit2.o(.ARM.Collect$$libinit$$00000011) for __rt_lib_init_lc_monetary_1
    libinit.o(.ARM.Collect$$libinit$$00000000) refers (Special) to libinit2.o(.ARM.Collect$$libinit$$00000013) for __rt_lib_init_lc_numeric_1
    libinit.o(.ARM.Collect$$libinit$$00000000) refers (Special) to libinit2.o(.ARM.Collect$$libinit$$00000015) for __rt_lib_init_lc_time_1
    libinit.o(.ARM.Collect$$libinit$$00000000) refers (Special) to libinit2.o(.ARM.Collect$$libinit$$0000000A) for __rt_lib_init_rand_1
    libinit.o(.ARM.Collect$$libinit$$00000000) refers (Special) to libinit2.o(.ARM.Collect$$libinit$$0000002F) for __rt_lib_init_return
    libinit.o(.ARM.Collect$$libinit$$00000000) refers (Special) to libinit2.o(.ARM.Collect$$libinit$$00000019) for __rt_lib_init_signal_1
    libinit.o(.ARM.Collect$$libinit$$00000000) refers (Special) to libinit2.o(.ARM.Collect$$libinit$$00000021) for __rt_lib_init_stdio_1
    libinit.o(.ARM.Collect$$libinit$$00000000) refers (Special) to libinit2.o(.ARM.Collect$$libinit$$00000008) for __rt_lib_init_user_alloc_1
    libinit.o(.ARM.Collect$$libinit$$00000000) refers to fpinit.o(x$fpl$fpinit) for _fp_init
    libspace.o(.text) refers to libspace.o(.bss) for __libspace_start
    rtexit.o(.ARM.Collect$$rtexit$$00000000) refers (Special) to rtexit2.o(.ARM.Collect$$rtexit$$00000004) for __rt_exit_exit
    rtexit.o(.ARM.Collect$$rtexit$$00000000) refers (Special) to rtexit2.o(.ARM.Collect$$rtexit$$00000003) for __rt_exit_ls
    rtexit.o(.ARM.Collect$$rtexit$$00000000) refers (Special) to rtexit2.o(.ARM.Collect$$rtexit$$00000002) for __rt_exit_prels_1
    rtexit.o(.ARM.exidx) refers (Special) to rtexit2.o(.ARM.Collect$$rtexit$$00000004) for __rt_exit_exit
    rtexit.o(.ARM.exidx) refers (Special) to rtexit2.o(.ARM.Collect$$rtexit$$00000003) for __rt_exit_ls
    rtexit.o(.ARM.exidx) refers (Special) to rtexit2.o(.ARM.Collect$$rtexit$$00000002) for __rt_exit_prels_1
    rtexit.o(.ARM.exidx) refers to rtexit.o(.ARM.Collect$$rtexit$$00000000) for .ARM.Collect$$rtexit$$00000000
    rt_raise.o(.text) refers to __raise.o(.text) for __raise
    rt_raise.o(.text) refers to sys_exit.o(.text) for _sys_exit
    defsig_exit.o(.text) refers to sys_exit.o(.text) for _sys_exit
    defsig_fpe_inner.o(.text) refers to defsig_general.o(.text) for __default_signal_display
    libinit2.o(.ARM.Collect$$libinit$$0000000C) refers to libinit2.o(.ARM.Collect$$libinit$$0000000B) for .ARM.Collect$$libinit$$0000000B
    libinit2.o(.ARM.Collect$$libinit$$0000000E) refers to libinit2.o(.ARM.Collect$$libinit$$0000000B) for .ARM.Collect$$libinit$$0000000B
    libinit2.o(.ARM.Collect$$libinit$$00000010) refers to libinit2.o(.ARM.Collect$$libinit$$0000000B) for .ARM.Collect$$libinit$$0000000B
    libinit2.o(.ARM.Collect$$libinit$$00000012) refers to libinit2.o(.ARM.Collect$$libinit$$0000000B) for .ARM.Collect$$libinit$$0000000B
    libinit2.o(.ARM.Collect$$libinit$$00000014) refers to libinit2.o(.ARM.Collect$$libinit$$0000000B) for .ARM.Collect$$libinit$$0000000B
    libinit2.o(.ARM.Collect$$libinit$$00000022) refers to argv_veneer.o(.emb_text) for __ARM_argv_veneer
    libinit2.o(.ARM.Collect$$libinit$$00000023) refers to argv_veneer.o(.emb_text) for __ARM_argv_veneer
    fpinit.o(x$fpl$fpinit) refers to rt_fp_status_addr_intlibspace.o(.text) for __rt_fp_status_addr
    sys_exit.o(.text) refers to use_no_semi.o(.text) for __I$use$semihosting
    rtexit2.o(.ARM.Collect$$rtexit$$00000003) refers to libshutdown.o(.ARM.Collect$$libshutdown$$00000000) for __rt_lib_shutdown
    rtexit2.o(.ARM.Collect$$rtexit$$00000004) refers to sys_exit.o(.text) for _sys_exit
    rtexit2.o(.ARM.exidx) refers to rtexit2.o(.ARM.Collect$$rtexit$$00000001) for .ARM.Collect$$rtexit$$00000001
    rtexit2.o(.ARM.exidx) refers to rtexit2.o(.ARM.Collect$$rtexit$$00000002) for .ARM.Collect$$rtexit$$00000002
    rtexit2.o(.ARM.exidx) refers to rtexit2.o(.ARM.Collect$$rtexit$$00000003) for .ARM.Collect$$rtexit$$00000003
    rtexit2.o(.ARM.exidx) refers to rtexit2.o(.ARM.Collect$$rtexit$$00000004) for .ARM.Collect$$rtexit$$00000004
    rt_fp_status_addr.o(.text) refers to rt_fp_status_addr.o(.bss) for __rt_fp_status_addr_data
    rt_fp_status_addr_intlibspace.o(.text) refers to libspace.o(.bss) for __libspace_start
    __raise.o(.text) refers to defsig.o(CL$$defsig) for __default_signal_handler
    defsig_general.o(.text) refers to sys_wrch.o(.text) for _ttywrch
    argv_veneer.o(.emb_text) refers to no_argv.o(.text) for __ARM_get_argv
    sys_wrch.o(.text) refers (Special) to use_no_semi.o(.text) for __I$use$semihosting
    defsig.o(CL$$defsig) refers to defsig_fpe_inner.o(.text) for __rt_SIGFPE_inner
    defsig.o(CL$$defsig) refers to defsig_rtmem_inner.o(.text) for __rt_SIGRTMEM_inner
    _get_argv_nomalloc.o(.text) refers (Special) to hrguard.o(.text) for __heap_region$guard
    _get_argv_nomalloc.o(.text) refers to defsig_rtmem_outer.o(.text) for __rt_SIGRTMEM
    _get_argv_nomalloc.o(.text) refers to sys_command.o(.text) for _sys_command_string
    libshutdown.o(.ARM.Collect$$libshutdown$$00000000) refers (Special) to libshutdown2.o(.ARM.Collect$$libshutdown$$00000006) for __rt_lib_shutdown_fp_trap_1
    libshutdown.o(.ARM.Collect$$libshutdown$$00000000) refers (Special) to libshutdown2.o(.ARM.Collect$$libshutdown$$0000000E) for __rt_lib_shutdown_heap_1
    libshutdown.o(.ARM.Collect$$libshutdown$$00000000) refers (Special) to libshutdown2.o(.ARM.Collect$$libshutdown$$0000000F) for __rt_lib_shutdown_return
    libshutdown.o(.ARM.Collect$$libshutdown$$00000000) refers (Special) to libshutdown2.o(.ARM.Collect$$libshutdown$$00000009) for __rt_lib_shutdown_signal_1
    libshutdown.o(.ARM.Collect$$libshutdown$$00000000) refers (Special) to libshutdown2.o(.ARM.Collect$$libshutdown$$00000003) for __rt_lib_shutdown_stdio_1
    libshutdown.o(.ARM.Collect$$libshutdown$$00000000) refers (Special) to libshutdown2.o(.ARM.Collect$$libshutdown$$0000000B) for __rt_lib_shutdown_user_alloc_1
    sys_command.o(.text) refers (Special) to use_no_semi.o(.text) for __I$use$semihosting
    defsig_abrt_inner.o(.text) refers to defsig_general.o(.text) for __default_signal_display
    defsig_rtred_inner.o(.text) refers to defsig_general.o(.text) for __default_signal_display
    defsig_rtmem_inner.o(.text) refers to defsig_general.o(.text) for __default_signal_display
    defsig_rtmem_outer.o(.text) refers to defsig_rtmem_inner.o(.text) for __rt_SIGRTMEM_inner
    defsig_rtmem_outer.o(.text) refers to defsig_exit.o(.text) for __sig_exit
    defsig_rtmem_formal.o(.text) refers to rt_raise.o(.text) for __rt_raise
    defsig_stak_inner.o(.text) refers to defsig_general.o(.text) for __default_signal_display
    defsig_pvfn_inner.o(.text) refers to defsig_general.o(.text) for __default_signal_display
    defsig_cppl_inner.o(.text) refers to defsig_general.o(.text) for __default_signal_display
    defsig_segv_inner.o(.text) refers to defsig_general.o(.text) for __default_signal_display
    defsig_other.o(.text) refers to defsig_general.o(.text) for __default_signal_display
    usbcore.o(i.USB_ReqGetStatus) refers to usbcore.o(.data) for SetupPacket
    usbcore.o(i.USB_ReqGetStatus) refers to usbcore.o(.bss) for EP0Buf
    usbcore.o(i.USB_ReqSetClrFeature) refers to usbhw.o(.text) for USB_WakeUpCfg
    usbcore.o(i.USB_ReqSetClrFeature) refers to usbcore.o(.data) for SetupPacket
    usbcore.o(i.USB_ReqGetDescriptor) refers to usbcore.o(.data) for SetupPacket
    usbcore.o(i.USB_ReqGetDescriptor) refers to usbdesc.o(.constdata) for USB_DeviceDescriptor
    usbcore.o(i.USB_ReqSetConfiguration) refers to usbhw.o(.text) for USB_DisableEP
    usbcore.o(i.USB_ReqSetConfiguration) refers to usbcore.o(.data) for SetupPacket
    usbcore.o(i.USB_ReqSetConfiguration) refers to usbdesc.o(.constdata) for USB_ConfigDescriptor
    usbcore.o(i.USB_ReqSetInterface) refers to usbhw.o(.text) for USB_ConfigEP
    usbcore.o(i.USB_ReqSetInterface) refers to usbcore.o(.data) for SetupPacket
    usbcore.o(i.USB_ReqSetInterface) refers to usbdesc.o(.constdata) for USB_ConfigDescriptor


==============================================================================

Removing Unused input sections from the image.

    Removing core_cm3.o(.emb_text), (32 bytes).
    Removing adcuser.o(.constdata), (6 bytes).
    Removing asciilib.o(.text), (32 bytes).
    Removing asciilib.o(.constdata), (1520 bytes).
    Removing glcd.o(.text), (7836 bytes).
    Removing glcd.o(.data), (5 bytes).
    Removing hzlib.o(.text), (52 bytes).
    Removing hzlib.o(.constdata), (216576 bytes).
    Removing images.o(.constdata), (153600 bytes).
    Removing images.o(.data), (12 bytes).
    Removing lpc17xx_gpio.o(.text), (1112 bytes).

11 unused section(s) (total 380783 bytes) removed from the image.

==============================================================================

Image Symbol Table

    Local Symbols

    Symbol Name                              Value     Ov Type        Size  Object(Section)

    RESET                                    0x00000000   Section      204  startup_lpc17xx.o(RESET)
    ../../angel/boardlib.s                   0x00000000   Number         0  boardinit1.o ABSOLUTE
    ../../angel/boardlib.s                   0x00000000   Number         0  boardshut.o ABSOLUTE
    ../../angel/boardlib.s                   0x00000000   Number         0  boardinit2.o ABSOLUTE
    ../../angel/boardlib.s                   0x00000000   Number         0  boardinit3.o ABSOLUTE
    ../../angel/handlers.s                   0x00000000   Number         0  __scatter_copy.o ABSOLUTE
    ../../angel/handlers.s                   0x00000000   Number         0  __scatter_zi.o ABSOLUTE
    ../../angel/kernel.s                     0x00000000   Number         0  rtentry4.o ABSOLUTE
    ../../angel/kernel.s                     0x00000000   Number         0  rtexit.o ABSOLUTE
    ../../angel/kernel.s                     0x00000000   Number         0  rtexit2.o ABSOLUTE
    ../../angel/kernel.s                     0x00000000   Number         0  rtentry.o ABSOLUTE
    ../../angel/kernel.s                     0x00000000   Number         0  rtentry2.o ABSOLUTE
    ../../angel/rt.s                         0x00000000   Number         0  rt_div0.o ABSOLUTE
    ../../angel/rt.s                         0x00000000   Number         0  rt_raise.o ABSOLUTE
    ../../angel/rt.s                         0x00000000   Number         0  rt_fp_status_addr_intlibspace.o ABSOLUTE
    ../../angel/rt.s                         0x00000000   Number         0  aeabi_ldiv0.o ABSOLUTE
    ../../angel/rt.s                         0x00000000   Number         0  aeabi_ldiv0_sigfpe.o ABSOLUTE
    ../../angel/rt.s                         0x00000000   Number         0  rt_fp_status_addr.o ABSOLUTE
    ../../angel/scatter.s                    0x00000000   Number         0  __scatter.o ABSOLUTE
    ../../angel/startup.s                    0x00000000   Number         0  __main.o ABSOLUTE
    ../../angel/sys.s                        0x00000000   Number         0  libspace.o ABSOLUTE
    ../../angel/sys.s                        0x00000000   Number         0  sys_exit.o ABSOLUTE
    ../../angel/sys.s                        0x00000000   Number         0  sys_stackheap_outer.o ABSOLUTE
    ../../angel/sys.s                        0x00000000   Number         0  use_no_semi.o ABSOLUTE
    ../../angel/sysapp.c                     0x00000000   Number         0  sys_wrch.o ABSOLUTE
    ../../angel/sysapp.c                     0x00000000   Number         0  sys_command.o ABSOLUTE
    ../../armsys.c                           0x00000000   Number         0  argv_veneer.o ABSOLUTE
    ../../armsys.c                           0x00000000   Number         0  argv_veneer.o ABSOLUTE
    ../../armsys.c                           0x00000000   Number         0  no_argv.o ABSOLUTE
    ../../armsys.c                           0x00000000   Number         0  _get_argv_nomalloc.o ABSOLUTE
    ../../fpinit.s                           0x00000000   Number         0  fpinit.o ABSOLUTE
    ../../heapalloc.c                        0x00000000   Number         0  hrguard.o ABSOLUTE
    ../../heapaux.c                          0x00000000   Number         0  heapauxi.o ABSOLUTE
    ../../libinit.s                          0x00000000   Number         0  libinit.o ABSOLUTE
    ../../libinit.s                          0x00000000   Number         0  libshutdown2.o ABSOLUTE
    ../../libinit.s                          0x00000000   Number         0  libinit2.o ABSOLUTE
    ../../libinit.s                          0x00000000   Number         0  libshutdown.o ABSOLUTE
    ../../longlong.s                         0x00000000   Number         0  lludivv7m.o ABSOLUTE
    ../../memcpset.s                         0x00000000   Number         0  rt_memcpy_v6.o ABSOLUTE
    ../../memcpset.s                         0x00000000   Number         0  rt_memcpy_w.o ABSOLUTE
    ../../signal.c                           0x00000000   Number         0  defsig_abrt_inner.o ABSOLUTE
    ../../signal.c                           0x00000000   Number         0  defsig_fpe_formal.o ABSOLUTE
    ../../signal.c                           0x00000000   Number         0  defsig_general.o ABSOLUTE
    ../../signal.c                           0x00000000   Number         0  __raise.o ABSOLUTE
    ../../signal.c                           0x00000000   Number         0  defsig_rtred_inner.o ABSOLUTE
    ../../signal.c                           0x00000000   Number         0  defsig_fpe_inner.o ABSOLUTE
    ../../signal.c                           0x00000000   Number         0  defsig_exit.o ABSOLUTE
    ../../signal.c                           0x00000000   Number         0  defsig_fpe_outer.o ABSOLUTE
    ../../signal.c                           0x00000000   Number         0  defsig_pvfn_inner.o ABSOLUTE
    ../../signal.c                           0x00000000   Number         0  defsig_other.o ABSOLUTE
    ../../signal.c                           0x00000000   Number         0  defsig_segv_inner.o ABSOLUTE
    ../../signal.c                           0x00000000   Number         0  defsig_cppl_inner.o ABSOLUTE
    ../../signal.c                           0x00000000   Number         0  defsig_stak_inner.o ABSOLUTE
    ../../signal.c                           0x00000000   Number         0  defsig_rtmem_formal.o ABSOLUTE
    ../../signal.c                           0x00000000   Number         0  defsig_rtmem_outer.o ABSOLUTE
    ../../signal.c                           0x00000000   Number         0  defsig_rtmem_inner.o ABSOLUTE
    ../../signal.s                           0x00000000   Number         0  defsig.o ABSOLUTE
    ../../stdlib.c                           0x00000000   Number         0  exit.o ABSOLUTE
    Drivers\GPU\GLCD\AsciiLib.c              0x00000000   Number         0  asciilib.o ABSOLUTE
    Drivers\GPU\GLCD\GLCD.c                  0x00000000   Number         0  glcd.o ABSOLUTE
    Drivers\GPU\GLCD\HzLib.c                 0x00000000   Number         0  hzlib.o ABSOLUTE
    Drivers\GPU\GLCD\images.c                0x00000000   Number         0  images.o ABSOLUTE
    Drivers\UART\uart.c                      0x00000000   Number         0  uart.o ABSOLUTE
    Drivers\USB\adcuser.c                    0x00000000   Number         0  adcuser.o ABSOLUTE
    Drivers\USB\usbcore.c                    0x00000000   Number         0  usbcore.o ABSOLUTE
    Drivers\USB\usbdesc.c                    0x00000000   Number         0  usbdesc.o ABSOLUTE
    Drivers\USB\usbhw.c                      0x00000000   Number         0  usbhw.o ABSOLUTE
    Drivers\USB\usbuser.c                    0x00000000   Number         0  usbuser.o ABSOLUTE
    LPC1700CMSIS_Firmware_Library\source\lpc17xx_clkpwr.c 0x00000000   Number         0  lpc17xx_clkpwr.o ABSOLUTE
    LPC1700CMSIS_Firmware_Library\source\lpc17xx_dac.c 0x00000000   Number         0  lpc17xx_dac.o ABSOLUTE
    LPC1700CMSIS_Firmware_Library\source\lpc17xx_gpio.c 0x00000000   Number         0  lpc17xx_gpio.o ABSOLUTE
    LPC1700CMSIS_Firmware_Library\source\lpc17xx_libcfg_default.c 0x00000000   Number         0  lpc17xx_libcfg_default.o ABSOLUTE
    LPC1700CMSIS_Firmware_Library\source\lpc17xx_pinsel.c 0x00000000   Number         0  lpc17xx_pinsel.o ABSOLUTE
    LPC1700CMSIS_Firmware_Library\source\lpc17xx_timer.c 0x00000000   Number         0  lpc17xx_timer.o ABSOLUTE
    MAIN\usbdmain.c                          0x00000000   Number         0  usbdmain.o ABSOLUTE
    common\\src\\core_cm3.c                  0x00000000   Number         0  core_cm3.o ABSOLUTE
    common\src\core_cm3.c                    0x00000000   Number         0  core_cm3.o ABSOLUTE
    common\src\startup_LPC17xx.s             0x00000000   Number         0  startup_lpc17xx.o ABSOLUTE
    common\src\system_LPC17xx.c              0x00000000   Number         0  system_lpc17xx.o ABSOLUTE
    dc.s                                     0x00000000   Number         0  dc.o ABSOLUTE
    !!!main                                  0x000000cc   Section        8  __main.o(!!!main)
    !!!scatter                               0x000000d4   Section       52  __scatter.o(!!!scatter)
    !!handler_copy                           0x00000108   Section       26  __scatter_copy.o(!!handler_copy)
    !!handler_zi                             0x00000124   Section       28  __scatter_zi.o(!!handler_zi)
    .ARM.Collect$$libinit$$00000000          0x00000140   Section        6  libinit.o(.ARM.Collect$$libinit$$00000000)
    .ARM.Collect$$libinit$$00000006          0x00000146   Section        0  libinit2.o(.ARM.Collect$$libinit$$00000006)
    .ARM.Collect$$libinit$$00000008          0x00000146   Section        0  libinit2.o(.ARM.Collect$$libinit$$00000008)
    .ARM.Collect$$libinit$$0000000A          0x00000146   Section        0  libinit2.o(.ARM.Collect$$libinit$$0000000A)
    .ARM.Collect$$libinit$$0000000D          0x00000146   Section        0  libinit2.o(.ARM.Collect$$libinit$$0000000D)
    .ARM.Collect$$libinit$$0000000F          0x00000146   Section        0  libinit2.o(.ARM.Collect$$libinit$$0000000F)
    .ARM.Collect$$libinit$$00000011          0x00000146   Section        0  libinit2.o(.ARM.Collect$$libinit$$00000011)
    .ARM.Collect$$libinit$$00000013          0x00000146   Section        0  libinit2.o(.ARM.Collect$$libinit$$00000013)
    .ARM.Collect$$libinit$$00000015          0x00000146   Section        0  libinit2.o(.ARM.Collect$$libinit$$00000015)
    .ARM.Collect$$libinit$$00000017          0x00000146   Section        0  libinit2.o(.ARM.Collect$$libinit$$00000017)
    .ARM.Collect$$libinit$$00000019          0x00000146   Section        0  libinit2.o(.ARM.Collect$$libinit$$00000019)
    .ARM.Collect$$libinit$$0000001B          0x00000146   Section        0  libinit2.o(.ARM.Collect$$libinit$$0000001B)
    .ARM.Collect$$libinit$$0000001D          0x00000146   Section        0  libinit2.o(.ARM.Collect$$libinit$$0000001D)
    .ARM.Collect$$libinit$$0000001F          0x00000146   Section        0  libinit2.o(.ARM.Collect$$libinit$$0000001F)
    .ARM.Collect$$libinit$$00000021          0x00000146   Section        0  libinit2.o(.ARM.Collect$$libinit$$00000021)
    .ARM.Collect$$libinit$$00000028          0x00000146   Section        0  libinit2.o(.ARM.Collect$$libinit$$00000028)
    .ARM.Collect$$libinit$$0000002A          0x00000146   Section        0  libinit2.o(.ARM.Collect$$libinit$$0000002A)
    .ARM.Collect$$libinit$$0000002C          0x00000146   Section        0  libinit2.o(.ARM.Collect$$libinit$$0000002C)
    .ARM.Collect$$libinit$$0000002E          0x00000146   Section        0  libinit2.o(.ARM.Collect$$libinit$$0000002E)
    .ARM.Collect$$libinit$$0000002F          0x00000146   Section        2  libinit2.o(.ARM.Collect$$libinit$$0000002F)
    .ARM.Collect$$libshutdown$$00000000      0x00000148   Section        2  libshutdown.o(.ARM.Collect$$libshutdown$$00000000)
    .ARM.Collect$$libshutdown$$00000003      0x0000014a   Section        0  libshutdown2.o(.ARM.Collect$$libshutdown$$00000003)
    .ARM.Collect$$libshutdown$$00000006      0x0000014a   Section        0  libshutdown2.o(.ARM.Collect$$libshutdown$$00000006)
    .ARM.Collect$$libshutdown$$00000009      0x0000014a   Section        0  libshutdown2.o(.ARM.Collect$$libshutdown$$00000009)
    .ARM.Collect$$libshutdown$$0000000B      0x0000014a   Section        0  libshutdown2.o(.ARM.Collect$$libshutdown$$0000000B)
    .ARM.Collect$$libshutdown$$0000000E      0x0000014a   Section        0  libshutdown2.o(.ARM.Collect$$libshutdown$$0000000E)
    .ARM.Collect$$libshutdown$$0000000F      0x0000014a   Section        2  libshutdown2.o(.ARM.Collect$$libshutdown$$0000000F)
    .ARM.Collect$$rtentry$$00000000          0x0000014c   Section        0  rtentry.o(.ARM.Collect$$rtentry$$00000000)
    .ARM.Collect$$rtentry$$00000002          0x0000014c   Section        0  rtentry2.o(.ARM.Collect$$rtentry$$00000002)
    .ARM.Collect$$rtentry$$00000004          0x0000014c   Section        6  rtentry4.o(.ARM.Collect$$rtentry$$00000004)
    .ARM.Collect$$rtentry$$00000009          0x00000152   Section        0  rtentry2.o(.ARM.Collect$$rtentry$$00000009)
    .ARM.Collect$$rtentry$$0000000A          0x00000152   Section        4  rtentry2.o(.ARM.Collect$$rtentry$$0000000A)
    .ARM.Collect$$rtentry$$0000000C          0x00000156   Section        0  rtentry2.o(.ARM.Collect$$rtentry$$0000000C)
    .ARM.Collect$$rtentry$$0000000D          0x00000156   Section        8  rtentry2.o(.ARM.Collect$$rtentry$$0000000D)
    .ARM.Collect$$rtexit$$00000000           0x0000015e   Section        2  rtexit.o(.ARM.Collect$$rtexit$$00000000)
    .ARM.Collect$$rtexit$$00000002           0x00000160   Section        0  rtexit2.o(.ARM.Collect$$rtexit$$00000002)
    .ARM.Collect$$rtexit$$00000003           0x00000160   Section        4  rtexit2.o(.ARM.Collect$$rtexit$$00000003)
    .ARM.Collect$$rtexit$$00000004           0x00000164   Section        6  rtexit2.o(.ARM.Collect$$rtexit$$00000004)
    .text                                    0x0000016c   Section       52  startup_lpc17xx.o(.text)
    .text                                    0x000001a0   Section        0  adcuser.o(.text)
    .text                                    0x00000288   Section        0  lpc17xx_libcfg_default.o(.text)
    .text                                    0x0000028c   Section        0  heapauxi.o(.text)
    .text                                    0x00000292   Section       74  sys_stackheap_outer.o(.text)
    .text                                    0x000002dc   Section        0  exit.o(.text)
    .text                                    0x000002e8   Section        8  libspace.o(.text)
    .text                                    0x000002f0   Section       12  rt_fp_status_addr_intlibspace.o(.text)
    .ARM.__at_0x02FC                         0x000002fc   Section        4  startup_lpc17xx.o(.ARM.__at_0x02FC)
    .text                                    0x00000300   Section        0  system_lpc17xx.o(.text)
    .text                                    0x00000560   Section        0  usbcore.o(.text)
    .text                                    0x0000093c   Section        0  usbhw.o(.text)
    .text                                    0x0000120c   Section        0  usbuser.o(.text)
    .text                                    0x000012ec   Section        0  usbdmain.o(.text)
    NVIC_EnableIRQ                           0x0000158d   Thumb Code    24  usbdmain.o(.text)
    .text                                    0x0000160c   Section        0  uart.o(.text)
    .text                                    0x00001a94   Section        0  lpc17xx_dac.o(.text)
    .text                                    0x00001b9c   Section        0  lpc17xx_pinsel.o(.text)
    set_PinFunc                              0x00001b9d   Thumb Code    56  lpc17xx_pinsel.o(.text)
    set_ResistorMode                         0x00001bd5   Thumb Code    58  lpc17xx_pinsel.o(.text)
    set_OpenDrainMode                        0x00001c0f   Thumb Code    42  lpc17xx_pinsel.o(.text)
    .text                                    0x00001c94   Section        0  lpc17xx_timer.o(.text)
    getPClock                                0x00001c95   Thumb Code    66  lpc17xx_timer.o(.text)
    converUSecToVal                          0x00001cd7   Thumb Code    56  lpc17xx_timer.o(.text)
    converPtrToTimeNum                       0x00001d0f   Thumb Code    42  lpc17xx_timer.o(.text)
    .text                                    0x0000231c   Section        0  lpc17xx_clkpwr.o(.text)
    .text                                    0x00002478   Section      238  lludivv7m.o(.text)
    .text                                    0x00002568   Section       20  sys_exit.o(.text)
    .text                                    0x0000257c   Section        2  use_no_semi.o(.text)
    i.USB_ReqGetDescriptor                   0x00002580   Section        0  usbcore.o(i.USB_ReqGetDescriptor)
    i.USB_ReqGetStatus                       0x00002638   Section        0  usbcore.o(i.USB_ReqGetStatus)
    i.USB_ReqSetClrFeature                   0x000026f8   Section        0  usbcore.o(i.USB_ReqSetClrFeature)
    i.USB_ReqSetConfiguration                0x000027e4   Section        0  usbcore.o(i.USB_ReqSetConfiguration)
    i.USB_ReqSetInterface                    0x0000299c   Section        0  usbcore.o(i.USB_ReqSetInterface)
    x$fpl$fpinit                             0x00002ad0   Section       14  fpinit.o(x$fpl$fpinit)
    .constdata                               0x00002ade   Section      232  usbdesc.o(.constdata)
    .constdata                               0x00002bc8   Section       16  usbhw.o(.constdata)
    .constdata                               0x00002bd8   Section       64  usbuser.o(.constdata)
    .data                                    0x10000000   Section        8  system_lpc17xx.o(.data)
    .data                                    0x10000008   Section        2  adcuser.o(.data)
    .data                                    0x1000000c   Section       40  usbcore.o(.data)
    .data                                    0x10000034   Section        8  usbhw.o(.data)
    .data                                    0x1000003c   Section       40  usbdmain.o(.data)
    .data                                    0x10000064   Section        9  uart.o(.data)
    .bss                                     0x10000070   Section       64  usbcore.o(.bss)
    .bss                                     0x100000b0   Section      128  usbhw.o(.bss)
    .bss                                     0x10000130   Section       96  libspace.o(.bss)
    HEAP                                     0x10000190   Section        0  startup_lpc17xx.o(HEAP)
    STACK                                    0x10000190   Section      512  startup_lpc17xx.o(STACK)
    Heap_Mem                                 0x10000190   Data           0  startup_lpc17xx.o(HEAP)
    Stack_Mem                                0x10000190   Data         512  startup_lpc17xx.o(STACK)
    __initial_sp                             0x10000390   Data           0  startup_lpc17xx.o(STACK)
    USB_RAM                                  0x20080000   Section      544  usbhw.o(USB_RAM)

    Global Symbols

    Symbol Name                              Value     Ov Type        Size  Object(Section)

    BuildAttributes$$THM_ISAv4$P$D$K$B$S$PE$A:L22UL41UL21$X:L11$S22US41US21$IEEE1$IW$USESV6$~STKCKD$USESV7$~SHL$OSPACE$ROPI$EBA8$UX$STANDARDLIB$REQ8$PRES8$EABIv2 0x00000000   Number         0  anon$$obj.o ABSOLUTE
    __ARM_use_no_argv                        0x00000000   Number         0  usbdmain.o ABSOLUTE
    __Vectors                                0x00000000   Data           4  startup_lpc17xx.o(RESET)
    __ARM_exceptions_init                     - Undefined Weak Reference
    __alloca_initialize                       - Undefined Weak Reference
    __cpp_initialize__aeabi_                  - Undefined Weak Reference
    __cxa_finalize                            - Undefined Weak Reference
    __rt_locale                               - Undefined Weak Reference
    __sigvec_lookup                           - Undefined Weak Reference
    _atexit_init                              - Undefined Weak Reference
    _call_atexit_fns                          - Undefined Weak Reference
    _clock_init                               - Undefined Weak Reference
    _fp_trap_init                             - Undefined Weak Reference
    _fp_trap_shutdown                         - Undefined Weak Reference
    _get_lc_collate                           - Undefined Weak Reference
    _get_lc_ctype                             - Undefined Weak Reference
    _get_lc_monetary                          - Undefined Weak Reference
    _get_lc_numeric                           - Undefined Weak Reference
    _get_lc_time                              - Undefined Weak Reference
    _getenv_init                              - Undefined Weak Reference
    _handle_redirection                       - Undefined Weak Reference
    _init_alloc                               - Undefined Weak Reference
    _init_user_alloc                          - Undefined Weak Reference
    _initio                                   - Undefined Weak Reference
    _rand_init                                - Undefined Weak Reference
    _signal_finish                            - Undefined Weak Reference
    _signal_init                              - Undefined Weak Reference
    _terminate_alloc                          - Undefined Weak Reference
    _terminate_user_alloc                     - Undefined Weak Reference
    _terminateio                              - Undefined Weak Reference
    __main                                   0x000000cd   Thumb Code     8  __main.o(!!!main)
    __scatterload                            0x000000d5   Thumb Code     0  __scatter.o(!!!scatter)
    __scatterload_rt2                        0x000000d5   Thumb Code    44  __scatter.o(!!!scatter)
    __scatterload_rt2_thumb_only             0x000000d5   Thumb Code     0  __scatter.o(!!!scatter)
    __scatterload_null                       0x000000e3   Thumb Code     0  __scatter.o(!!!scatter)
    __scatterload_copy                       0x00000109   Thumb Code    26  __scatter_copy.o(!!handler_copy)
    __scatterload_zeroinit                   0x00000125   Thumb Code    28  __scatter_zi.o(!!handler_zi)
    __rt_lib_init                            0x00000141   Thumb Code     0  libinit.o(.ARM.Collect$$libinit$$00000000)
    __rt_lib_init_alloca_1                   0x00000147   Thumb Code     0  libinit2.o(.ARM.Collect$$libinit$$0000002A)
    __rt_lib_init_argv_1                     0x00000147   Thumb Code     0  libinit2.o(.ARM.Collect$$libinit$$00000028)
    __rt_lib_init_atexit_1                   0x00000147   Thumb Code     0  libinit2.o(.ARM.Collect$$libinit$$00000017)
    __rt_lib_init_clock_1                    0x00000147   Thumb Code     0  libinit2.o(.ARM.Collect$$libinit$$0000001D)
    __rt_lib_init_cpp_1                      0x00000147   Thumb Code     0  libinit2.o(.ARM.Collect$$libinit$$0000002E)
    __rt_lib_init_exceptions_1               0x00000147   Thumb Code     0  libinit2.o(.ARM.Collect$$libinit$$0000002C)
    __rt_lib_init_fp_trap_1                  0x00000147   Thumb Code     0  libinit2.o(.ARM.Collect$$libinit$$0000001B)
    __rt_lib_init_getenv_1                   0x00000147   Thumb Code     0  libinit2.o(.ARM.Collect$$libinit$$0000001F)
    __rt_lib_init_heap_1                     0x00000147   Thumb Code     0  libinit2.o(.ARM.Collect$$libinit$$00000006)
    __rt_lib_init_lc_collate_1               0x00000147   Thumb Code     0  libinit2.o(.ARM.Collect$$libinit$$0000000D)
    __rt_lib_init_lc_ctype_1                 0x00000147   Thumb Code     0  libinit2.o(.ARM.Collect$$libinit$$0000000F)
    __rt_lib_init_lc_monetary_1              0x00000147   Thumb Code     0  libinit2.o(.ARM.Collect$$libinit$$00000011)
    __rt_lib_init_lc_numeric_1               0x00000147   Thumb Code     0  libinit2.o(.ARM.Collect$$libinit$$00000013)
    __rt_lib_init_lc_time_1                  0x00000147   Thumb Code     0  libinit2.o(.ARM.Collect$$libinit$$00000015)
    __rt_lib_init_rand_1                     0x00000147   Thumb Code     0  libinit2.o(.ARM.Collect$$libinit$$0000000A)
    __rt_lib_init_return                     0x00000147   Thumb Code     0  libinit2.o(.ARM.Collect$$libinit$$0000002F)
    __rt_lib_init_signal_1                   0x00000147   Thumb Code     0  libinit2.o(.ARM.Collect$$libinit$$00000019)
    __rt_lib_init_stdio_1                    0x00000147   Thumb Code     0  libinit2.o(.ARM.Collect$$libinit$$00000021)
    __rt_lib_init_user_alloc_1               0x00000147   Thumb Code     0  libinit2.o(.ARM.Collect$$libinit$$00000008)
    __rt_lib_shutdown                        0x00000149   Thumb Code     0  libshutdown.o(.ARM.Collect$$libshutdown$$00000000)
    __rt_lib_shutdown_fp_trap_1              0x0000014b   Thumb Code     0  libshutdown2.o(.ARM.Collect$$libshutdown$$00000006)
    __rt_lib_shutdown_heap_1                 0x0000014b   Thumb Code     0  libshutdown2.o(.ARM.Collect$$libshutdown$$0000000E)
    __rt_lib_shutdown_return                 0x0000014b   Thumb Code     0  libshutdown2.o(.ARM.Collect$$libshutdown$$0000000F)
    __rt_lib_shutdown_signal_1               0x0000014b   Thumb Code     0  libshutdown2.o(.ARM.Collect$$libshutdown$$00000009)
    __rt_lib_shutdown_stdio_1                0x0000014b   Thumb Code     0  libshutdown2.o(.ARM.Collect$$libshutdown$$00000003)
    __rt_lib_shutdown_user_alloc_1           0x0000014b   Thumb Code     0  libshutdown2.o(.ARM.Collect$$libshutdown$$0000000B)
    __rt_entry                               0x0000014d   Thumb Code     0  rtentry.o(.ARM.Collect$$rtentry$$00000000)
    __rt_entry_presh_1                       0x0000014d   Thumb Code     0  rtentry2.o(.ARM.Collect$$rtentry$$00000002)
    __rt_entry_sh                            0x0000014d   Thumb Code     0  rtentry4.o(.ARM.Collect$$rtentry$$00000004)
    __rt_entry_li                            0x00000153   Thumb Code     0  rtentry2.o(.ARM.Collect$$rtentry$$0000000A)
    __rt_entry_postsh_1                      0x00000153   Thumb Code     0  rtentry2.o(.ARM.Collect$$rtentry$$00000009)
    __rt_entry_main                          0x00000157   Thumb Code     0  rtentry2.o(.ARM.Collect$$rtentry$$0000000D)
    __rt_entry_postli_1                      0x00000157   Thumb Code     0  rtentry2.o(.ARM.Collect$$rtentry$$0000000C)
    __rt_exit                                0x0000015f   Thumb Code     0  rtexit.o(.ARM.Collect$$rtexit$$00000000)
    __rt_exit_ls                             0x00000161   Thumb Code     0  rtexit2.o(.ARM.Collect$$rtexit$$00000003)
    __rt_exit_prels_1                        0x00000161   Thumb Code     0  rtexit2.o(.ARM.Collect$$rtexit$$00000002)
    __rt_exit_exit                           0x00000165   Thumb Code     0  rtexit2.o(.ARM.Collect$$rtexit$$00000004)
    Reset_Handler                            0x0000016d   Thumb Code     4  startup_lpc17xx.o(.text)
    NMI_Handler                              0x00000171   Thumb Code     2  startup_lpc17xx.o(.text)
    HardFault_Handler                        0x00000173   Thumb Code     2  startup_lpc17xx.o(.text)
    MemManage_Handler                        0x00000175   Thumb Code     2  startup_lpc17xx.o(.text)
    BusFault_Handler                         0x00000177   Thumb Code     2  startup_lpc17xx.o(.text)
    UsageFault_Handler                       0x00000179   Thumb Code     2  startup_lpc17xx.o(.text)
    SVC_Handler                              0x0000017b   Thumb Code     2  startup_lpc17xx.o(.text)
    DebugMon_Handler                         0x0000017d   Thumb Code     2  startup_lpc17xx.o(.text)
    PendSV_Handler                           0x0000017f   Thumb Code     2  startup_lpc17xx.o(.text)
    SysTick_Handler                          0x00000181   Thumb Code     2  startup_lpc17xx.o(.text)
    ADC_IRQHandler                           0x00000183   Thumb Code     0  startup_lpc17xx.o(.text)
    BOD_IRQHandler                           0x00000183   Thumb Code     0  startup_lpc17xx.o(.text)
    CANActivity_IRQHandler                   0x00000183   Thumb Code     0  startup_lpc17xx.o(.text)
    CAN_IRQHandler                           0x00000183   Thumb Code     0  startup_lpc17xx.o(.text)
    DMA_IRQHandler                           0x00000183   Thumb Code     0  startup_lpc17xx.o(.text)
    EINT0_IRQHandler                         0x00000183   Thumb Code     0  startup_lpc17xx.o(.text)
    EINT1_IRQHandler                         0x00000183   Thumb Code     0  startup_lpc17xx.o(.text)
    EINT2_IRQHandler                         0x00000183   Thumb Code     0  startup_lpc17xx.o(.text)
    EINT3_IRQHandler                         0x00000183   Thumb Code     0  startup_lpc17xx.o(.text)
    ENET_IRQHandler                          0x00000183   Thumb Code     0  startup_lpc17xx.o(.text)
    I2C0_IRQHandler                          0x00000183   Thumb Code     0  startup_lpc17xx.o(.text)
    I2C1_IRQHandler                          0x00000183   Thumb Code     0  startup_lpc17xx.o(.text)
    I2C2_IRQHandler                          0x00000183   Thumb Code     0  startup_lpc17xx.o(.text)
    I2S_IRQHandler                           0x00000183   Thumb Code     0  startup_lpc17xx.o(.text)
    MCPWM_IRQHandler                         0x00000183   Thumb Code     0  startup_lpc17xx.o(.text)
    PLL0_IRQHandler                          0x00000183   Thumb Code     0  startup_lpc17xx.o(.text)
    PLL1_IRQHandler                          0x00000183   Thumb Code     0  startup_lpc17xx.o(.text)
    PWM1_IRQHandler                          0x00000183   Thumb Code     0  startup_lpc17xx.o(.text)
    QEI_IRQHandler                           0x00000183   Thumb Code     0  startup_lpc17xx.o(.text)
    RIT_IRQHandler                           0x00000183   Thumb Code     0  startup_lpc17xx.o(.text)
    RTC_IRQHandler                           0x00000183   Thumb Code     0  startup_lpc17xx.o(.text)
    SPI_IRQHandler                           0x00000183   Thumb Code     0  startup_lpc17xx.o(.text)
    SSP0_IRQHandler                          0x00000183   Thumb Code     0  startup_lpc17xx.o(.text)
    SSP1_IRQHandler                          0x00000183   Thumb Code     0  startup_lpc17xx.o(.text)
    TIMER1_IRQHandler                        0x00000183   Thumb Code     0  startup_lpc17xx.o(.text)
    TIMER2_IRQHandler                        0x00000183   Thumb Code     0  startup_lpc17xx.o(.text)
    TIMER3_IRQHandler                        0x00000183   Thumb Code     0  startup_lpc17xx.o(.text)
    UART0_IRQHandler                         0x00000183   Thumb Code     0  startup_lpc17xx.o(.text)
    UART1_IRQHandler                         0x00000183   Thumb Code     0  startup_lpc17xx.o(.text)
    UART2_IRQHandler                         0x00000183   Thumb Code     0  startup_lpc17xx.o(.text)
    UART3_IRQHandler                         0x00000183   Thumb Code     0  startup_lpc17xx.o(.text)
    USBActivity_IRQHandler                   0x00000183   Thumb Code     0  startup_lpc17xx.o(.text)
    WDT_IRQHandler                           0x00000183   Thumb Code     0  startup_lpc17xx.o(.text)
    __user_initial_stackheap                 0x00000185   Thumb Code     0  startup_lpc17xx.o(.text)
    ADC_IF_GetRequest                        0x000001a1   Thumb Code   128  adcuser.o(.text)
    ADC_IF_SetRequest                        0x00000221   Thumb Code    80  adcuser.o(.text)
    ADC_EP_GetRequest                        0x00000271   Thumb Code     4  adcuser.o(.text)
    ADC_EP_SetRequest                        0x00000275   Thumb Code     4  adcuser.o(.text)
    check_failed                             0x00000289   Thumb Code     4  lpc17xx_libcfg_default.o(.text)
    __use_two_region_memory                  0x0000028d   Thumb Code     2  heapauxi.o(.text)
    __rt_heap_escrow$2region                 0x0000028f   Thumb Code     2  heapauxi.o(.text)
    __rt_heap_expand$2region                 0x00000291   Thumb Code     2  heapauxi.o(.text)
    __user_setup_stackheap                   0x00000293   Thumb Code    74  sys_stackheap_outer.o(.text)
    exit                                     0x000002dd   Thumb Code    12  exit.o(.text)
    __user_libspace                          0x000002e9   Thumb Code     8  libspace.o(.text)
    __user_perproc_libspace                  0x000002e9   Thumb Code     0  libspace.o(.text)
    __user_perthread_libspace                0x000002e9   Thumb Code     0  libspace.o(.text)
    __rt_fp_status_addr                      0x000002f1   Thumb Code    12  rt_fp_status_addr_intlibspace.o(.text)
    SystemInit                               0x00000301   Thumb Code   530  system_lpc17xx.o(.text)
    USB_ResetCore                            0x00000561   Thumb Code    34  usbcore.o(.text)
    USB_SetupStage                           0x00000583   Thumb Code    12  usbcore.o(.text)
    USB_DataInStage                          0x0000058f   Thumb Code    52  usbcore.o(.text)
    USB_DataOutStage                         0x000005c3   Thumb Code    34  usbcore.o(.text)
    USB_StatusInStage                        0x000005e5   Thumb Code    14  usbcore.o(.text)
    USB_StatusOutStage                       0x000005f3   Thumb Code    12  usbcore.o(.text)
    USB_EndPoint0                            0x000005ff   Thumb Code   784  usbcore.o(.text)
    EPAdr                                    0x0000093d   Thumb Code    16  usbhw.o(.text)
    WrCmd                                    0x0000094d   Thumb Code    26  usbhw.o(.text)
    WrCmdDat                                 0x00000967   Thumb Code    50  usbhw.o(.text)
    WrCmdEP                                  0x00000999   Thumb Code    70  usbhw.o(.text)
    RdCmdDat                                 0x000009df   Thumb Code    32  usbhw.o(.text)
    USB_SetAddress                           0x000009ff   Thumb Code    42  usbhw.o(.text)
    USB_Reset                                0x00000a29   Thumb Code   170  usbhw.o(.text)
    USB_Init                                 0x00000ad3   Thumb Code   140  usbhw.o(.text)
    USB_Connect                              0x00000b5f   Thumb Code    28  usbhw.o(.text)
    USB_Suspend                              0x00000b7b   Thumb Code     2  usbhw.o(.text)
    USB_Resume                               0x00000b7d   Thumb Code     2  usbhw.o(.text)
    USB_WakeUp                               0x00000b7f   Thumb Code    22  usbhw.o(.text)
    USB_WakeUpCfg                            0x00000b95   Thumb Code     2  usbhw.o(.text)
    USB_Configure                            0x00000b97   Thumb Code    54  usbhw.o(.text)
    USB_ConfigEP                             0x00000bcd   Thumb Code    68  usbhw.o(.text)
    USB_DirCtrlEP                            0x00000c11   Thumb Code     2  usbhw.o(.text)
    USB_EnableEP                             0x00000c13   Thumb Code    26  usbhw.o(.text)
    USB_DisableEP                            0x00000c2d   Thumb Code    26  usbhw.o(.text)
    USB_ResetEP                              0x00000c47   Thumb Code    26  usbhw.o(.text)
    USB_SetStallEP                           0x00000c61   Thumb Code    26  usbhw.o(.text)
    USB_ClrStallEP                           0x00000c7b   Thumb Code    26  usbhw.o(.text)
    USB_ClearEPBuf                           0x00000c95   Thumb Code    14  usbhw.o(.text)
    USB_ReadEP                               0x00000ca3   Thumb Code    94  usbhw.o(.text)
    USB_WriteEP                              0x00000d01   Thumb Code   228  usbhw.o(.text)
    USB_DMA_Setup                            0x00000de5   Thumb Code   268  usbhw.o(.text)
    USB_DMA_Enable                           0x00000ef1   Thumb Code    20  usbhw.o(.text)
    USB_DMA_Disable                          0x00000f05   Thumb Code    20  usbhw.o(.text)
    USB_DMA_Status                           0x00000f19   Thumb Code    76  usbhw.o(.text)
    USB_DMA_BufAdr                           0x00000f65   Thumb Code    30  usbhw.o(.text)
    USB_DMA_BufCnt                           0x00000f83   Thumb Code    30  usbhw.o(.text)
    USB_GetFrame                             0x00000fa1   Thumb Code    30  usbhw.o(.text)
    USB_IRQHandler                           0x00000fbf   Thumb Code   494  usbhw.o(.text)
    USB_Reset_Event                          0x0000120d   Thumb Code     8  usbuser.o(.text)
    USB_SOF_Event                            0x00001215   Thumb Code     2  usbuser.o(.text)
    USB_EndPoint1                            0x00001217   Thumb Code     2  usbuser.o(.text)
    USB_EndPoint2                            0x00001219   Thumb Code     2  usbuser.o(.text)
    USB_EndPoint3                            0x0000121b   Thumb Code   164  usbuser.o(.text)
    USB_EndPoint4                            0x000012bf   Thumb Code     2  usbuser.o(.text)
    USB_EndPoint5                            0x000012c1   Thumb Code     2  usbuser.o(.text)
    USB_EndPoint6                            0x000012c3   Thumb Code     2  usbuser.o(.text)
    USB_EndPoint7                            0x000012c5   Thumb Code     2  usbuser.o(.text)
    USB_EndPoint8                            0x000012c7   Thumb Code     2  usbuser.o(.text)
    USB_EndPoint9                            0x000012c9   Thumb Code     2  usbuser.o(.text)
    USB_EndPoint10                           0x000012cb   Thumb Code     2  usbuser.o(.text)
    USB_EndPoint11                           0x000012cd   Thumb Code     2  usbuser.o(.text)
    USB_EndPoint12                           0x000012cf   Thumb Code     2  usbuser.o(.text)
    USB_EndPoint13                           0x000012d1   Thumb Code     2  usbuser.o(.text)
    USB_EndPoint14                           0x000012d3   Thumb Code     2  usbuser.o(.text)
    USB_EndPoint15                           0x000012d5   Thumb Code     2  usbuser.o(.text)
    get_potval                               0x000012ed   Thumb Code    54  usbdmain.o(.text)
    TIMER0_IRQHandler                        0x00001323   Thumb Code   400  usbdmain.o(.text)
    TIM_Configuration                        0x000014b3   Thumb Code   122  usbdmain.o(.text)
    DAC_Configuration                        0x0000152d   Thumb Code    44  usbdmain.o(.text)
    main                                     0x00001559   Thumb Code    52  usbdmain.o(.text)
    UART_Setting                             0x0000160d   Thumb Code    92  uart.o(.text)
    UART3_Init                               0x00001669   Thumb Code   156  uart.o(.text)
    UART2_Init                               0x00001705   Thumb Code   156  uart.o(.text)
    UART1_Init                               0x000017a1   Thumb Code   176  uart.o(.text)
    UART0_Init                               0x00001851   Thumb Code   156  uart.o(.text)
    UART_Init                                0x000018ed   Thumb Code    94  uart.o(.text)
    UART3_Sendchar                           0x0000194b   Thumb Code    18  uart.o(.text)
    UART2_Sendchar                           0x0000195d   Thumb Code    18  uart.o(.text)
    UART1_Sendchar                           0x0000196f   Thumb Code    18  uart.o(.text)
    UART0_Sendchar                           0x00001981   Thumb Code    18  uart.o(.text)
    UART_Sendchar                            0x00001993   Thumb Code    58  uart.o(.text)
    UART3_Getchar                            0x000019cd   Thumb Code    18  uart.o(.text)
    UART2_Getchar                            0x000019df   Thumb Code    62  uart.o(.text)
    UART1_Getchar                            0x00001a1d   Thumb Code    18  uart.o(.text)
    UART0_Getchar                            0x00001a2f   Thumb Code    18  uart.o(.text)
    UART_Getchar                             0x00001a41   Thumb Code    48  uart.o(.text)
    UART_PrintString                         0x00001a71   Thumb Code    28  uart.o(.text)
    DAC_SetBias                              0x00001a95   Thumb Code    44  lpc17xx_dac.o(.text)
    DAC_Init                                 0x00001ac1   Thumb Code    30  lpc17xx_dac.o(.text)
    DAC_UpdateValue                          0x00001adf   Thumb Code    40  lpc17xx_dac.o(.text)
    DAC_ConfigDAConverterControl             0x00001b07   Thumb Code    68  lpc17xx_dac.o(.text)
    DAC_SetDMATimeOut                        0x00001b4b   Thumb Code    26  lpc17xx_dac.o(.text)
    PINSEL_ConfigTraceFunc                   0x00001c39   Thumb Code    34  lpc17xx_pinsel.o(.text)
    PINSEL_SetI2C0Pins                       0x00001c5b   Thumb Code    16  lpc17xx_pinsel.o(.text)
    PINSEL_ConfigPin                         0x00001c6b   Thumb Code    36  lpc17xx_pinsel.o(.text)
    TIM_GetIntStatus                         0x00001d39   Thumb Code    92  lpc17xx_timer.o(.text)
    TIM_GetIntCaptureStatus                  0x00001d95   Thumb Code    94  lpc17xx_timer.o(.text)
    TIM_ClearIntPending                      0x00001df3   Thumb Code    80  lpc17xx_timer.o(.text)
    TIM_ClearIntCapturePending               0x00001e43   Thumb Code    82  lpc17xx_timer.o(.text)
    TIM_ConfigStructInit                     0x00001e95   Thumb Code    26  lpc17xx_timer.o(.text)
    TIM_Init                                 0x00001eaf   Thumb Code   274  lpc17xx_timer.o(.text)
    TIM_DeInit                               0x00001fc1   Thumb Code   112  lpc17xx_timer.o(.text)
    TIM_Cmd                                  0x00002031   Thumb Code    66  lpc17xx_timer.o(.text)
    TIM_ResetCounter                         0x00002073   Thumb Code    58  lpc17xx_timer.o(.text)
    TIM_ConfigMatch                          0x000020ad   Thumb Code   326  lpc17xx_timer.o(.text)
    TIM_UpdateMatchValue                     0x000021f3   Thumb Code    86  lpc17xx_timer.o(.text)
    TIM_ConfigCapture                        0x00002249   Thumb Code   126  lpc17xx_timer.o(.text)
    TIM_GetCaptureValue                      0x000022c7   Thumb Code    74  lpc17xx_timer.o(.text)
    CLKPWR_SetPCLKDiv                        0x0000231d   Thumb Code   104  lpc17xx_clkpwr.o(.text)
    CLKPWR_GetPCLKSEL                        0x00002385   Thumb Code    32  lpc17xx_clkpwr.o(.text)
    CLKPWR_GetPCLK                           0x000023a5   Thumb Code    58  lpc17xx_clkpwr.o(.text)
    CLKPWR_ConfigPPWR                        0x000023df   Thumb Code    50  lpc17xx_clkpwr.o(.text)
    CLKPWR_Sleep                             0x00002411   Thumb Code    10  lpc17xx_clkpwr.o(.text)
    CLKPWR_DeepSleep                         0x0000241b   Thumb Code    20  lpc17xx_clkpwr.o(.text)
    CLKPWR_PowerDown                         0x0000242f   Thumb Code    20  lpc17xx_clkpwr.o(.text)
    CLKPWR_DeepPowerDown                     0x00002443   Thumb Code    20  lpc17xx_clkpwr.o(.text)
    __aeabi_uldivmod                         0x00002479   Thumb Code     0  lludivv7m.o(.text)
    _ll_udiv                                 0x00002479   Thumb Code   238  lludivv7m.o(.text)
    _sys_exit                                0x00002569   Thumb Code    16  sys_exit.o(.text)
    __I$use$semihosting                      0x0000257d   Thumb Code     0  use_no_semi.o(.text)
    __use_no_semihosting_swi                 0x0000257d   Thumb Code     2  use_no_semi.o(.text)
    USB_ReqGetDescriptor                     0x00002581   Thumb Code   164  usbcore.o(i.USB_ReqGetDescriptor)
    USB_ReqGetStatus                         0x00002639   Thumb Code   160  usbcore.o(i.USB_ReqGetStatus)
    USB_ReqSetClrFeature                     0x000026f9   Thumb Code   210  usbcore.o(i.USB_ReqSetClrFeature)
    USB_ReqSetConfiguration                  0x000027e5   Thumb Code   402  usbcore.o(i.USB_ReqSetConfiguration)
    USB_ReqSetInterface                      0x0000299d   Thumb Code   282  usbcore.o(i.USB_ReqSetInterface)
    _fp_init                                 0x00002ad1   Thumb Code    14  fpinit.o(x$fpl$fpinit)
    __fplib_config_pureend_doubles           0x00002add   Thumb Code     0  fpinit.o(x$fpl$fpinit)
    USB_DeviceDescriptor                     0x00002ade   Data          18  usbdesc.o(.constdata)
    USB_ConfigDescriptor                     0x00002af0   Data         110  usbdesc.o(.constdata)
    USB_StringDescriptor                     0x00002b5e   Data         104  usbdesc.o(.constdata)
    DDAdr                                    0x00002bc8   Data           8  usbhw.o(.constdata)
    DDSz                                     0x00002bd0   Data           8  usbhw.o(.constdata)
    USB_P_EP                                 0x00002bd8   Data          64  usbuser.o(.constdata)
    Region$$Table$$Base                      0x00002c18   Number         0  anon$$obj.o(Region$$Table)
    Region$$Table$$Limit                     0x00002c48   Number         0  anon$$obj.o(Region$$Table)
    SystemFrequency                          0x10000000   Data           4  system_lpc17xx.o(.data)
    SystemCoreClock                          0x10000004   Data           4  system_lpc17xx.o(.data)
    VolCur                                   0x10000008   Data           2  adcuser.o(.data)
    USB_DeviceStatus                         0x1000000c   Data           2  usbcore.o(.data)
    USB_DeviceAddress                        0x1000000e   Data           1  usbcore.o(.data)
    USB_Configuration                        0x1000000f   Data           1  usbcore.o(.data)
    USB_EndPointMask                         0x10000010   Data           4  usbcore.o(.data)
    USB_EndPointHalt                         0x10000014   Data           4  usbcore.o(.data)
    USB_EndPointStall                        0x10000018   Data           4  usbcore.o(.data)
    USB_NumInterfaces                        0x1000001c   Data           1  usbcore.o(.data)
    USB_AltSetting                           0x1000001d   Data           4  usbcore.o(.data)
    EP0Data                                  0x10000024   Data           8  usbcore.o(.data)
    SetupPacket                              0x1000002c   Data           8  usbcore.o(.data)
    DDMemMap                                 0x10000034   Data           8  usbhw.o(.data)
    mode                                     0x1000003c   Data           1  usbdmain.o(.data)
    InfoBuf                                  0x10000040   Data           4  usbdmain.o(.data)
    DataBuf                                  0x10000044   Data           4  usbdmain.o(.data)
    index                                    0x10000048   Data           4  usbdmain.o(.data)
    temp                                     0x1000004c   Data           2  usbdmain.o(.data)
    Mute                                     0x1000004e   Data           1  usbdmain.o(.data)
    Volume                                   0x10000050   Data           4  usbdmain.o(.data)
    DataOut                                  0x10000054   Data           2  usbdmain.o(.data)
    DataIn                                   0x10000056   Data           2  usbdmain.o(.data)
    DataRun                                  0x10000058   Data           1  usbdmain.o(.data)
    PotVal                                   0x1000005a   Data           2  usbdmain.o(.data)
    VUM                                      0x1000005c   Data           4  usbdmain.o(.data)
    Tick                                     0x10000060   Data           4  usbdmain.o(.data)
    pclk                                     0x10000064   Data           4  uart.o(.data)
    Fdiv                                     0x10000068   Data           4  uart.o(.data)
    LCR_Register                             0x1000006c   Data           1  uart.o(.data)
    EP0Buf                                   0x10000070   Data          64  usbcore.o(.bss)
    udca                                     0x100000b0   Data         128  usbhw.o(.bss)
    __libspace_start                         0x10000130   Data          96  libspace.o(.bss)
    __temporary_stack_top$libspace           0x10000190   Data           0  libspace.o(.bss)
    UDCA                                     0x20080000   Data         128  usbhw.o(USB_RAM)
    DD_NISO_Mem                              0x20080080   Data         256  usbhw.o(USB_RAM)
    DD_ISO_Mem                               0x20080180   Data         160  usbhw.o(USB_RAM)



==============================================================================

Memory Map of the image

  Image Entry point : 0x000000cd

  Load Region LR_IROM1 (Base: 0x00000000, Size: 0x00002cb8, Max: 0x00080000, ABSOLUTE)

    Execution Region ER_IROM1 (Base: 0x00000000, Size: 0x00002c48, Max: 0xffffffff, ABSOLUTE)

    Base Addr    Size         Type   Attr      Idx    E Section Name        Object

    0x00000000   0x000000cc   Data   RO           43    RESET               startup_lpc17xx.o
    0x000000cc   0x00000008   Code   RO          521  * !!!main             __main.o(c_w.l)
    0x000000d4   0x00000034   Code   RO          695    !!!scatter          __scatter.o(c_w.l)
    0x00000108   0x0000001a   Code   RO          697    !!handler_copy      __scatter_copy.o(c_w.l)
    0x00000122   0x00000002   PAD
    0x00000124   0x0000001c   Code   RO          699    !!handler_zi        __scatter_zi.o(c_w.l)
    0x00000140   0x00000006   Code   RO          565    .ARM.Collect$$libinit$$00000000  libinit.o(c_w.l)
    0x00000146   0x00000000   Code   RO          579    .ARM.Collect$$libinit$$00000006  libinit2.o(c_w.l)
    0x00000146   0x00000000   Code   RO          581    .ARM.Collect$$libinit$$00000008  libinit2.o(c_w.l)
    0x00000146   0x00000000   Code   RO          583    .ARM.Collect$$libinit$$0000000A  libinit2.o(c_w.l)
    0x00000146   0x00000000   Code   RO          586    .ARM.Collect$$libinit$$0000000D  libinit2.o(c_w.l)
    0x00000146   0x00000000   Code   RO          588    .ARM.Collect$$libinit$$0000000F  libinit2.o(c_w.l)
    0x00000146   0x00000000   Code   RO          590    .ARM.Collect$$libinit$$00000011  libinit2.o(c_w.l)
    0x00000146   0x00000000   Code   RO          592    .ARM.Collect$$libinit$$00000013  libinit2.o(c_w.l)
    0x00000146   0x00000000   Code   RO          594    .ARM.Collect$$libinit$$00000015  libinit2.o(c_w.l)
    0x00000146   0x00000000   Code   RO          596    .ARM.Collect$$libinit$$00000017  libinit2.o(c_w.l)
    0x00000146   0x00000000   Code   RO          598    .ARM.Collect$$libinit$$00000019  libinit2.o(c_w.l)
    0x00000146   0x00000000   Code   RO          600    .ARM.Collect$$libinit$$0000001B  libinit2.o(c_w.l)
    0x00000146   0x00000000   Code   RO          602    .ARM.Collect$$libinit$$0000001D  libinit2.o(c_w.l)
    0x00000146   0x00000000   Code   RO          604    .ARM.Collect$$libinit$$0000001F  libinit2.o(c_w.l)
    0x00000146   0x00000000   Code   RO          606    .ARM.Collect$$libinit$$00000021  libinit2.o(c_w.l)
    0x00000146   0x00000000   Code   RO          610    .ARM.Collect$$libinit$$00000028  libinit2.o(c_w.l)
    0x00000146   0x00000000   Code   RO          612    .ARM.Collect$$libinit$$0000002A  libinit2.o(c_w.l)
    0x00000146   0x00000000   Code   RO          614    .ARM.Collect$$libinit$$0000002C  libinit2.o(c_w.l)
    0x00000146   0x00000000   Code   RO          616    .ARM.Collect$$libinit$$0000002E  libinit2.o(c_w.l)
    0x00000146   0x00000002   Code   RO          617    .ARM.Collect$$libinit$$0000002F  libinit2.o(c_w.l)
    0x00000148   0x00000002   Code   RO          653    .ARM.Collect$$libshutdown$$00000000  libshutdown.o(c_w.l)
    0x0000014a   0x00000000   Code   RO          680    .ARM.Collect$$libshutdown$$00000003  libshutdown2.o(c_w.l)
    0x0000014a   0x00000000   Code   RO          683    .ARM.Collect$$libshutdown$$00000006  libshutdown2.o(c_w.l)
    0x0000014a   0x00000000   Code   RO          686    .ARM.Collect$$libshutdown$$00000009  libshutdown2.o(c_w.l)
    0x0000014a   0x00000000   Code   RO          688    .ARM.Collect$$libshutdown$$0000000B  libshutdown2.o(c_w.l)
    0x0000014a   0x00000000   Code   RO          691    .ARM.Collect$$libshutdown$$0000000E  libshutdown2.o(c_w.l)
    0x0000014a   0x00000002   Code   RO          692    .ARM.Collect$$libshutdown$$0000000F  libshutdown2.o(c_w.l)
    0x0000014c   0x00000000   Code   RO          523    .ARM.Collect$$rtentry$$00000000  rtentry.o(c_w.l)
    0x0000014c   0x00000000   Code   RO          532    .ARM.Collect$$rtentry$$00000002  rtentry2.o(c_w.l)
    0x0000014c   0x00000006   Code   RO          547    .ARM.Collect$$rtentry$$00000004  rtentry4.o(c_w.l)
    0x00000152   0x00000000   Code   RO          534    .ARM.Collect$$rtentry$$00000009  rtentry2.o(c_w.l)
    0x00000152   0x00000004   Code   RO          535    .ARM.Collect$$rtentry$$0000000A  rtentry2.o(c_w.l)
    0x00000156   0x00000000   Code   RO          537    .ARM.Collect$$rtentry$$0000000C  rtentry2.o(c_w.l)
    0x00000156   0x00000008   Code   RO          538    .ARM.Collect$$rtentry$$0000000D  rtentry2.o(c_w.l)
    0x0000015e   0x00000002   Code   RO          569    .ARM.Collect$$rtexit$$00000000  rtexit.o(c_w.l)
    0x00000160   0x00000000   Code   RO          623    .ARM.Collect$$rtexit$$00000002  rtexit2.o(c_w.l)
    0x00000160   0x00000004   Code   RO          624    .ARM.Collect$$rtexit$$00000003  rtexit2.o(c_w.l)
    0x00000164   0x00000006   Code   RO          625    .ARM.Collect$$rtexit$$00000004  rtexit2.o(c_w.l)
    0x0000016a   0x00000002   PAD
    0x0000016c   0x00000034   Code   RO           45    .text               startup_lpc17xx.o
    0x000001a0   0x000000e8   Code   RO           51    .text               adcuser.o
    0x00000288   0x00000004   Code   RO          447    .text               lpc17xx_libcfg_default.o
    0x0000028c   0x00000006   Code   RO          519    .text               heapauxi.o(c_w.l)
    0x00000292   0x0000004a   Code   RO          551    .text               sys_stackheap_outer.o(c_w.l)
    0x000002dc   0x0000000c   Code   RO          553    .text               exit.o(c_w.l)
    0x000002e8   0x00000008   Code   RO          566    .text               libspace.o(c_w.l)
    0x000002f0   0x0000000c   Code   RO          633    .text               rt_fp_status_addr_intlibspace.o(c_w.l)
    0x000002fc   0x00000004   Code   RO           44    .ARM.__at_0x02FC    startup_lpc17xx.o
    0x00000300   0x00000260   Code   RO            1    .text               system_lpc17xx.o
    0x00000560   0x000003dc   Code   RO           90    .text               usbcore.o
    0x0000093c   0x000008d0   Code   RO          171    .text               usbhw.o
    0x0000120c   0x000000e0   Code   RO          205    .text               usbuser.o
    0x000012ec   0x00000320   Code   RO          227    .text               usbdmain.o
    0x0000160c   0x00000488   Code   RO          290    .text               uart.o
    0x00001a94   0x00000108   Code   RO          398    .text               lpc17xx_dac.o
    0x00001b9c   0x000000f8   Code   RO          465    .text               lpc17xx_pinsel.o
    0x00001c94   0x00000688   Code   RO          480    .text               lpc17xx_timer.o
    0x0000231c   0x0000015c   Code   RO          498    .text               lpc17xx_clkpwr.o
    0x00002478   0x000000ee   Code   RO          515    .text               lludivv7m.o(c_w.l)
    0x00002566   0x00000002   PAD
    0x00002568   0x00000014   Code   RO          620    .text               sys_exit.o(c_w.l)
    0x0000257c   0x00000002   Code   RO          643    .text               use_no_semi.o(c_w.l)
    0x0000257e   0x00000002   PAD
    0x00002580   0x000000b8   Code   RO          115    i.USB_ReqGetDescriptor  usbcore.o
    0x00002638   0x000000c0   Code   RO          103    i.USB_ReqGetStatus  usbcore.o
    0x000026f8   0x000000ec   Code   RO          109    i.USB_ReqSetClrFeature  usbcore.o
    0x000027e4   0x000001b8   Code   RO          121    i.USB_ReqSetConfiguration  usbcore.o
    0x0000299c   0x00000134   Code   RO          127    i.USB_ReqSetInterface  usbcore.o
    0x00002ad0   0x0000000e   Code   RO          618    x$fpl$fpinit        fpinit.o(fz_ws.l)
    0x00002ade   0x000000e8   Data   RO          159    .constdata          usbdesc.o
    0x00002bc6   0x00000002   PAD
    0x00002bc8   0x00000010   Data   RO          173    .constdata          usbhw.o
    0x00002bd8   0x00000040   Data   RO          206    .constdata          usbuser.o
    0x00002c18   0x00000030   Data   RO          693    Region$$Table       anon$$obj.o


    Execution Region RW_IRAM1 (Base: 0x10000000, Size: 0x00000390, Max: 0x00008000, ABSOLUTE)

    Base Addr    Size         Type   Attr      Idx    E Section Name        Object

    0x10000000   0x00000008   Data   RW            2    .data               system_lpc17xx.o
    0x10000008   0x00000002   Data   RW           53    .data               adcuser.o
    0x1000000a   0x00000002   PAD
    0x1000000c   0x00000028   Data   RW           92    .data               usbcore.o
    0x10000034   0x00000008   Data   RW          174    .data               usbhw.o
    0x1000003c   0x00000028   Data   RW          228    .data               usbdmain.o
    0x10000064   0x00000009   Data   RW          291    .data               uart.o
    0x1000006d   0x00000003   PAD
    0x10000070   0x00000040   Zero   RW           91    .bss                usbcore.o
    0x100000b0   0x00000080   Zero   RW          172    .bss                usbhw.o
    0x10000130   0x00000060   Zero   RW          567    .bss                libspace.o(c_w.l)
    0x10000190   0x00000000   Zero   RW           42    HEAP                startup_lpc17xx.o
    0x10000190   0x00000200   Zero   RW           41    STACK               startup_lpc17xx.o


    Execution Region RW_USBRAM (Base: 0x20080000, Size: 0x00000220, Max: 0x00004000, ABSOLUTE)

    Base Addr    Size         Type   Attr      Idx    E Section Name        Object

    0x20080000   0x00000220   Zero   RW          175    USB_RAM             usbhw.o


==============================================================================

Image component sizes


      Code (inc. data)   RO Data    RW Data    ZI Data      Debug   Object Name

       232         16          0          2          0       6092   adcuser.o
         0          0          0          0          0         20   core_cm3.o
       348         34          0          0          0       1799   lpc17xx_clkpwr.o
       264         56          0          0          0      20894   lpc17xx_dac.o
         4          0          0          0          0        835   lpc17xx_libcfg_default.o
       248          6          0          0          0       4029   lpc17xx_pinsel.o
      1672         90          0          0          0       9223   lpc17xx_timer.o
        56         22        204          0        512        636   startup_lpc17xx.o
       608         78          0          8          0       4967   system_lpc17xx.o
      1160         52          0          9          0       4642   uart.o
      2348        208          0         40         64       9171   usbcore.o
         0          0        232          0          0        653   usbdesc.o
       800        104          0         40          0      29933   usbdmain.o
      2256        260         16          8        672      29643   usbhw.o
       224         22         64          0          0       3247   usbuser.o

    ----------------------------------------------------------------------
     10220        948        566        112       1248     125784   Object Totals
         0          0         48          0          0          0   (incl. Generated)
         0          0          2          5          0          0   (incl. Padding)

    ----------------------------------------------------------------------

      Code (inc. data)   RO Data    RW Data    ZI Data      Debug   Library Member Name

         8          0          0          0          0         68   __main.o
        52          8          0          0          0          0   __scatter.o
        26          0          0          0          0          0   __scatter_copy.o
        28          0          0          0          0          0   __scatter_zi.o
        12          0          0          0          0         68   exit.o
        14          0          0          0          0         76   fpinit.o
         6          0          0          0          0        148   heapauxi.o
         6          0          0          0          0          0   libinit.o
         2          0          0          0          0          0   libinit2.o
         2          0          0          0          0          0   libshutdown.o
         2          0          0          0          0          0   libshutdown2.o
         8          4          0          0         96         68   libspace.o
       238          0          0          0          0        100   lludivv7m.o
        12          6          0          0          0         68   rt_fp_status_addr_intlibspace.o
         0          0          0          0          0          0   rtentry.o
        12          0          0          0          0          0   rtentry2.o
         6          0          0          0          0          0   rtentry4.o
         2          0          0          0          0          0   rtexit.o
        10          0          0          0          0          0   rtexit2.o
        20         10          0          0          0         68   sys_exit.o
        74          0          0          0          0         80   sys_stackheap_outer.o
         2          0          0          0          0         68   use_no_semi.o

    ----------------------------------------------------------------------
       550         28          0          0         96        812   Library Totals
         8          0          0          0          0          0   (incl. Padding)

    ----------------------------------------------------------------------

      Code (inc. data)   RO Data    RW Data    ZI Data      Debug   Library Name

       528         28          0          0         96        736   c_w.l
        14          0          0          0          0         76   fz_ws.l

    ----------------------------------------------------------------------
       550         28          0          0         96        812   Library Totals

    ----------------------------------------------------------------------

==============================================================================


      Code (inc. data)   RO Data    RW Data    ZI Data      Debug   

     10770        976        566        112       1344     124896   Grand Totals
     10770        976        566        112       1344     124896   ELF Image Totals
     10770        976        566        112          0          0   ROM Totals

==============================================================================

    Total RO  Size (Code + RO Data)                11336 (  11.07kB)
    Total RW  Size (RW Data + ZI Data)              1456 (   1.42kB)
    Total ROM Size (Code + RO Data + RW Data)      11448 (  11.18kB)

==============================================================================

